The target system is: Windows -  - 
The host system is: Linux - 6.5.11-linuxkit - aarch64
Compiling the C compiler identification source file "CMakeCCompilerId.c" succeeded.
Compiler: /usr/bin/x86_64-w64-mingw32-gcc-posix 
Build flags: 
Id flags:  

The output was:
0


Compilation of the C compiler identification source "CMakeCCompilerId.c" produced "a.exe"

The C compiler identification is GNU, found in "/opt/dev/buildMingw64/CMakeFiles/3.10.2/CompilerIdC/a.exe"

Compiling the CXX compiler identification source file "CMakeCXXCompilerId.cpp" succeeded.
Compiler: /usr/bin/x86_64-w64-mingw32-g++-posix 
Build flags: 
Id flags:  

The output was:
0


Compilation of the CXX compiler identification source "CMakeCXXCompilerId.cpp" produced "a.exe"

The CXX compiler identification is GNU, found in "/opt/dev/buildMingw64/CMakeFiles/3.10.2/CompilerIdCXX/a.exe"

Determining if the C compiler works passed with the following output:
Change Dir: /opt/dev/buildMingw64/CMakeFiles/CMakeTmp

Run Build Command:"/usr/bin/make" "cmTC_f3c62/fast"
/usr/bin/make -f CMakeFiles/cmTC_f3c62.dir/build.make CMakeFiles/cmTC_f3c62.dir/build
make[1]: Entering directory '/opt/dev/buildMingw64/CMakeFiles/CMakeTmp'
Building C object CMakeFiles/cmTC_f3c62.dir/testCCompiler.c.obj
/usr/bin/x86_64-w64-mingw32-gcc-posix    -o CMakeFiles/cmTC_f3c62.dir/testCCompiler.c.obj   -c /opt/dev/buildMingw64/CMakeFiles/CMakeTmp/testCCompiler.c
Linking C executable cmTC_f3c62.exe
/usr/bin/cmake -E cmake_link_script CMakeFiles/cmTC_f3c62.dir/link.txt --verbose=1
/usr/bin/cmake -E remove -f CMakeFiles/cmTC_f3c62.dir/objects.a
/usr/bin/ar cr CMakeFiles/cmTC_f3c62.dir/objects.a @CMakeFiles/cmTC_f3c62.dir/objects1.rsp
/usr/bin/x86_64-w64-mingw32-gcc-posix      -Wl,--whole-archive CMakeFiles/cmTC_f3c62.dir/objects.a -Wl,--no-whole-archive  -o cmTC_f3c62.exe -Wl,--out-implib,libcmTC_f3c62.dll.a -Wl,--major-image-version,0,--minor-image-version,0 @CMakeFiles/cmTC_f3c62.dir/linklibs.rsp
make[1]: Leaving directory '/opt/dev/buildMingw64/CMakeFiles/CMakeTmp'


Detecting C compiler ABI info compiled with the following output:
Change Dir: /opt/dev/buildMingw64/CMakeFiles/CMakeTmp

Run Build Command:"/usr/bin/make" "cmTC_682f9/fast"
/usr/bin/make -f CMakeFiles/cmTC_682f9.dir/build.make CMakeFiles/cmTC_682f9.dir/build
make[1]: Entering directory '/opt/dev/buildMingw64/CMakeFiles/CMakeTmp'
Building C object CMakeFiles/cmTC_682f9.dir/CMakeCCompilerABI.c.obj
/usr/bin/x86_64-w64-mingw32-gcc-posix    -o CMakeFiles/cmTC_682f9.dir/CMakeCCompilerABI.c.obj   -c /usr/share/cmake-3.10/Modules/CMakeCCompilerABI.c
Linking C executable cmTC_682f9.exe
/usr/bin/cmake -E cmake_link_script CMakeFiles/cmTC_682f9.dir/link.txt --verbose=1
/usr/bin/cmake -E remove -f CMakeFiles/cmTC_682f9.dir/objects.a
/usr/bin/ar cr CMakeFiles/cmTC_682f9.dir/objects.a @CMakeFiles/cmTC_682f9.dir/objects1.rsp
/usr/bin/x86_64-w64-mingw32-gcc-posix     -v -Wl,--whole-archive CMakeFiles/cmTC_682f9.dir/objects.a -Wl,--no-whole-archive  -o cmTC_682f9.exe -Wl,--out-implib,libcmTC_682f9.dll.a -Wl,--major-image-version,0,--minor-image-version,0 
Using built-in specs.
COLLECT_GCC=/usr/bin/x86_64-w64-mingw32-gcc-posix
COLLECT_LTO_WRAPPER=/usr/lib/gcc/x86_64-w64-mingw32/7.3-posix/lto-wrapper
Target: x86_64-w64-mingw32
Configured with: ../../src/configure --build=aarch64-linux-gnu --prefix=/usr --includedir='/usr/include' --mandir='/usr/share/man' --infodir='/usr/share/info' --sysconfdir=/etc --localstatedir=/var --disable-silent-rules --libdir='/usr/lib/aarch64-linux-gnu' --libexecdir='/usr/lib/aarch64-linux-gnu' --disable-maintainer-mode --disable-dependency-tracking --prefix=/usr --enable-shared --enable-static --disable-multilib --with-system-zlib --libexecdir=/usr/lib --without-included-gettext --libdir=/usr/lib --enable-libstdcxx-time=yes --with-tune=generic --with-headers=/usr/x86_64-w64-mingw32/include --enable-version-specific-runtime-libs --enable-fully-dynamic-string --enable-libgomp --enable-languages=c,c++,fortran,objc,obj-c++,ada --enable-lto --with-plugin-ld --enable-threads=posix --program-suffix=-posix --program-prefix=x86_64-w64-mingw32- --target=x86_64-w64-mingw32 --with-as=/usr/bin/x86_64-w64-mingw32-as --with-ld=/usr/bin/x86_64-w64-mingw32-ld --enable-libatomic --enable-libstdcxx-filesystem-ts=yes
Thread model: posix
gcc version 7.3-posix 20180312 (GCC) 
COMPILER_PATH=/usr/lib/gcc/x86_64-w64-mingw32/7.3-posix/:/usr/lib/gcc/x86_64-w64-mingw32/7.3-posix/:/usr/lib/gcc/x86_64-w64-mingw32/:/usr/lib/gcc/x86_64-w64-mingw32/7.3-posix/:/usr/lib/gcc/x86_64-w64-mingw32/:/usr/lib/gcc/x86_64-w64-mingw32/7.3-posix/../../../../x86_64-w64-mingw32/bin/
LIBRARY_PATH=/usr/lib/gcc/x86_64-w64-mingw32/7.3-posix/:/usr/lib/gcc/x86_64-w64-mingw32/7.3-posix/../../../../x86_64-w64-mingw32/lib/
COLLECT_GCC_OPTIONS='-v' '-o' 'cmTC_682f9.exe' '-mtune=generic' '-march=x86-64'
 /usr/lib/gcc/x86_64-w64-mingw32/7.3-posix/collect2 -m i386pep -Bdynamic -o cmTC_682f9.exe /usr/lib/gcc/x86_64-w64-mingw32/7.3-posix/../../../../x86_64-w64-mingw32/lib/crt2.o /usr/lib/gcc/x86_64-w64-mingw32/7.3-posix/crtbegin.o -L/usr/lib/gcc/x86_64-w64-mingw32/7.3-posix -L/usr/lib/gcc/x86_64-w64-mingw32/7.3-posix/../../../../x86_64-w64-mingw32/lib --whole-archive CMakeFiles/cmTC_682f9.dir/objects.a --no-whole-archive --out-implib libcmTC_682f9.dll.a --major-image-version 0 --minor-image-version 0 -lmingw32 -lgcc -lgcc_eh -lmoldname -lmingwex -lmsvcrt -lpthread -ladvapi32 -lshell32 -luser32 -lkernel32 -lmingw32 -lgcc -lgcc_eh -lmoldname -lmingwex -lmsvcrt /usr/lib/gcc/x86_64-w64-mingw32/7.3-posix/crtend.o
COLLECT_GCC_OPTIONS='-v' '-o' 'cmTC_682f9.exe' '-mtune=generic' '-march=x86-64'
make[1]: Leaving directory '/opt/dev/buildMingw64/CMakeFiles/CMakeTmp'


Parsed C implicit link information from above output:
  link line regex: [^( *|.*[/\])(ld|CMAKE_LINK_STARTFILE-NOTFOUND|([^/\]+-)?ld|collect2)[^/\]*( |$)]
  ignore line: [Change Dir: /opt/dev/buildMingw64/CMakeFiles/CMakeTmp]
  ignore line: []
  ignore line: [Run Build Command:"/usr/bin/make" "cmTC_682f9/fast"]
  ignore line: [/usr/bin/make -f CMakeFiles/cmTC_682f9.dir/build.make CMakeFiles/cmTC_682f9.dir/build]
  ignore line: [make[1]: Entering directory '/opt/dev/buildMingw64/CMakeFiles/CMakeTmp']
  ignore line: [Building C object CMakeFiles/cmTC_682f9.dir/CMakeCCompilerABI.c.obj]
  ignore line: [/usr/bin/x86_64-w64-mingw32-gcc-posix    -o CMakeFiles/cmTC_682f9.dir/CMakeCCompilerABI.c.obj   -c /usr/share/cmake-3.10/Modules/CMakeCCompilerABI.c]
  ignore line: [Linking C executable cmTC_682f9.exe]
  ignore line: [/usr/bin/cmake -E cmake_link_script CMakeFiles/cmTC_682f9.dir/link.txt --verbose=1]
  ignore line: [/usr/bin/cmake -E remove -f CMakeFiles/cmTC_682f9.dir/objects.a]
  ignore line: [/usr/bin/ar cr CMakeFiles/cmTC_682f9.dir/objects.a @CMakeFiles/cmTC_682f9.dir/objects1.rsp]
  ignore line: [/usr/bin/x86_64-w64-mingw32-gcc-posix     -v -Wl,--whole-archive CMakeFiles/cmTC_682f9.dir/objects.a -Wl,--no-whole-archive  -o cmTC_682f9.exe -Wl,--out-implib,libcmTC_682f9.dll.a -Wl,--major-image-version,0,--minor-image-version,0 ]
  ignore line: [Using built-in specs.]
  ignore line: [COLLECT_GCC=/usr/bin/x86_64-w64-mingw32-gcc-posix]
  ignore line: [COLLECT_LTO_WRAPPER=/usr/lib/gcc/x86_64-w64-mingw32/7.3-posix/lto-wrapper]
  ignore line: [Target: x86_64-w64-mingw32]
  ignore line: [Configured with: ../../src/configure --build=aarch64-linux-gnu --prefix=/usr --includedir='/usr/include' --mandir='/usr/share/man' --infodir='/usr/share/info' --sysconfdir=/etc --localstatedir=/var --disable-silent-rules --libdir='/usr/lib/aarch64-linux-gnu' --libexecdir='/usr/lib/aarch64-linux-gnu' --disable-maintainer-mode --disable-dependency-tracking --prefix=/usr --enable-shared --enable-static --disable-multilib --with-system-zlib --libexecdir=/usr/lib --without-included-gettext --libdir=/usr/lib --enable-libstdcxx-time=yes --with-tune=generic --with-headers=/usr/x86_64-w64-mingw32/include --enable-version-specific-runtime-libs --enable-fully-dynamic-string --enable-libgomp --enable-languages=c,c++,fortran,objc,obj-c++,ada --enable-lto --with-plugin-ld --enable-threads=posix --program-suffix=-posix --program-prefix=x86_64-w64-mingw32- --target=x86_64-w64-mingw32 --with-as=/usr/bin/x86_64-w64-mingw32-as --with-ld=/usr/bin/x86_64-w64-mingw32-ld --enable-libatomic --enable-libstdcxx-filesystem-ts=yes]
  ignore line: [Thread model: posix]
  ignore line: [gcc version 7.3-posix 20180312 (GCC) ]
  ignore line: [COMPILER_PATH=/usr/lib/gcc/x86_64-w64-mingw32/7.3-posix/:/usr/lib/gcc/x86_64-w64-mingw32/7.3-posix/:/usr/lib/gcc/x86_64-w64-mingw32/:/usr/lib/gcc/x86_64-w64-mingw32/7.3-posix/:/usr/lib/gcc/x86_64-w64-mingw32/:/usr/lib/gcc/x86_64-w64-mingw32/7.3-posix/../../../../x86_64-w64-mingw32/bin/]
  ignore line: [LIBRARY_PATH=/usr/lib/gcc/x86_64-w64-mingw32/7.3-posix/:/usr/lib/gcc/x86_64-w64-mingw32/7.3-posix/../../../../x86_64-w64-mingw32/lib/]
  ignore line: [COLLECT_GCC_OPTIONS='-v' '-o' 'cmTC_682f9.exe' '-mtune=generic' '-march=x86-64']
  link line: [ /usr/lib/gcc/x86_64-w64-mingw32/7.3-posix/collect2 -m i386pep -Bdynamic -o cmTC_682f9.exe /usr/lib/gcc/x86_64-w64-mingw32/7.3-posix/../../../../x86_64-w64-mingw32/lib/crt2.o /usr/lib/gcc/x86_64-w64-mingw32/7.3-posix/crtbegin.o -L/usr/lib/gcc/x86_64-w64-mingw32/7.3-posix -L/usr/lib/gcc/x86_64-w64-mingw32/7.3-posix/../../../../x86_64-w64-mingw32/lib --whole-archive CMakeFiles/cmTC_682f9.dir/objects.a --no-whole-archive --out-implib libcmTC_682f9.dll.a --major-image-version 0 --minor-image-version 0 -lmingw32 -lgcc -lgcc_eh -lmoldname -lmingwex -lmsvcrt -lpthread -ladvapi32 -lshell32 -luser32 -lkernel32 -lmingw32 -lgcc -lgcc_eh -lmoldname -lmingwex -lmsvcrt /usr/lib/gcc/x86_64-w64-mingw32/7.3-posix/crtend.o]
    arg [/usr/lib/gcc/x86_64-w64-mingw32/7.3-posix/collect2] ==> ignore
    arg [-m] ==> ignore
    arg [i386pep] ==> ignore
    arg [-Bdynamic] ==> ignore
    arg [-o] ==> ignore
    arg [cmTC_682f9.exe] ==> ignore
    arg [/usr/lib/gcc/x86_64-w64-mingw32/7.3-posix/../../../../x86_64-w64-mingw32/lib/crt2.o] ==> ignore
    arg [/usr/lib/gcc/x86_64-w64-mingw32/7.3-posix/crtbegin.o] ==> ignore
    arg [-L/usr/lib/gcc/x86_64-w64-mingw32/7.3-posix] ==> dir [/usr/lib/gcc/x86_64-w64-mingw32/7.3-posix]
    arg [-L/usr/lib/gcc/x86_64-w64-mingw32/7.3-posix/../../../../x86_64-w64-mingw32/lib] ==> dir [/usr/lib/gcc/x86_64-w64-mingw32/7.3-posix/../../../../x86_64-w64-mingw32/lib]
    arg [--whole-archive] ==> ignore
    arg [CMakeFiles/cmTC_682f9.dir/objects.a] ==> ignore
    arg [--no-whole-archive] ==> ignore
    arg [--out-implib] ==> ignore
    arg [libcmTC_682f9.dll.a] ==> ignore
    arg [--major-image-version] ==> ignore
    arg [0] ==> ignore
    arg [--minor-image-version] ==> ignore
    arg [0] ==> ignore
    arg [-lmingw32] ==> lib [mingw32]
    arg [-lgcc] ==> lib [gcc]
    arg [-lgcc_eh] ==> lib [gcc_eh]
    arg [-lmoldname] ==> lib [moldname]
    arg [-lmingwex] ==> lib [mingwex]
    arg [-lmsvcrt] ==> lib [msvcrt]
    arg [-lpthread] ==> lib [pthread]
    arg [-ladvapi32] ==> lib [advapi32]
    arg [-lshell32] ==> lib [shell32]
    arg [-luser32] ==> lib [user32]
    arg [-lkernel32] ==> lib [kernel32]
    arg [-lmingw32] ==> lib [mingw32]
    arg [-lgcc] ==> lib [gcc]
    arg [-lgcc_eh] ==> lib [gcc_eh]
    arg [-lmoldname] ==> lib [moldname]
    arg [-lmingwex] ==> lib [mingwex]
    arg [-lmsvcrt] ==> lib [msvcrt]
    arg [/usr/lib/gcc/x86_64-w64-mingw32/7.3-posix/crtend.o] ==> ignore
  remove lib [gcc_eh]
  remove lib [msvcrt]
  remove lib [gcc_eh]
  remove lib [msvcrt]
  collapse library dir [/usr/lib/gcc/x86_64-w64-mingw32/7.3-posix] ==> [/usr/lib/gcc/x86_64-w64-mingw32/7.3-posix]
  collapse library dir [/usr/lib/gcc/x86_64-w64-mingw32/7.3-posix/../../../../x86_64-w64-mingw32/lib] ==> [/usr/x86_64-w64-mingw32/lib]
  implicit libs: [mingw32;gcc;moldname;mingwex;pthread;advapi32;shell32;user32;kernel32;mingw32;gcc;moldname;mingwex]
  implicit dirs: [/usr/lib/gcc/x86_64-w64-mingw32/7.3-posix;/usr/x86_64-w64-mingw32/lib]
  implicit fwks: []




Detecting C [-std=c11] compiler features compiled with the following output:
Change Dir: /opt/dev/buildMingw64/CMakeFiles/CMakeTmp

Run Build Command:"/usr/bin/make" "cmTC_4f1d1/fast"
/usr/bin/make -f CMakeFiles/cmTC_4f1d1.dir/build.make CMakeFiles/cmTC_4f1d1.dir/build
make[1]: Entering directory '/opt/dev/buildMingw64/CMakeFiles/CMakeTmp'
Building C object CMakeFiles/cmTC_4f1d1.dir/feature_tests.c.obj
/usr/bin/x86_64-w64-mingw32-gcc-posix   -std=c11 -o CMakeFiles/cmTC_4f1d1.dir/feature_tests.c.obj   -c /opt/dev/buildMingw64/CMakeFiles/feature_tests.c
Linking C executable cmTC_4f1d1.exe
/usr/bin/cmake -E cmake_link_script CMakeFiles/cmTC_4f1d1.dir/link.txt --verbose=1
/usr/bin/cmake -E remove -f CMakeFiles/cmTC_4f1d1.dir/objects.a
/usr/bin/ar cr CMakeFiles/cmTC_4f1d1.dir/objects.a @CMakeFiles/cmTC_4f1d1.dir/objects1.rsp
/usr/bin/x86_64-w64-mingw32-gcc-posix      -Wl,--whole-archive CMakeFiles/cmTC_4f1d1.dir/objects.a -Wl,--no-whole-archive  -o cmTC_4f1d1.exe -Wl,--out-implib,libcmTC_4f1d1.dll.a -Wl,--major-image-version,0,--minor-image-version,0 @CMakeFiles/cmTC_4f1d1.dir/linklibs.rsp
make[1]: Leaving directory '/opt/dev/buildMingw64/CMakeFiles/CMakeTmp'


    Feature record: C_FEATURE:1c_function_prototypes
    Feature record: C_FEATURE:1c_restrict
    Feature record: C_FEATURE:1c_static_assert
    Feature record: C_FEATURE:1c_variadic_macros


Detecting C [-std=c99] compiler features compiled with the following output:
Change Dir: /opt/dev/buildMingw64/CMakeFiles/CMakeTmp

Run Build Command:"/usr/bin/make" "cmTC_90432/fast"
/usr/bin/make -f CMakeFiles/cmTC_90432.dir/build.make CMakeFiles/cmTC_90432.dir/build
make[1]: Entering directory '/opt/dev/buildMingw64/CMakeFiles/CMakeTmp'
Building C object CMakeFiles/cmTC_90432.dir/feature_tests.c.obj
/usr/bin/x86_64-w64-mingw32-gcc-posix   -std=c99 -o CMakeFiles/cmTC_90432.dir/feature_tests.c.obj   -c /opt/dev/buildMingw64/CMakeFiles/feature_tests.c
Linking C executable cmTC_90432.exe
/usr/bin/cmake -E cmake_link_script CMakeFiles/cmTC_90432.dir/link.txt --verbose=1
/usr/bin/cmake -E remove -f CMakeFiles/cmTC_90432.dir/objects.a
/usr/bin/ar cr CMakeFiles/cmTC_90432.dir/objects.a @CMakeFiles/cmTC_90432.dir/objects1.rsp
/usr/bin/x86_64-w64-mingw32-gcc-posix      -Wl,--whole-archive CMakeFiles/cmTC_90432.dir/objects.a -Wl,--no-whole-archive  -o cmTC_90432.exe -Wl,--out-implib,libcmTC_90432.dll.a -Wl,--major-image-version,0,--minor-image-version,0 @CMakeFiles/cmTC_90432.dir/linklibs.rsp
make[1]: Leaving directory '/opt/dev/buildMingw64/CMakeFiles/CMakeTmp'


    Feature record: C_FEATURE:1c_function_prototypes
    Feature record: C_FEATURE:1c_restrict
    Feature record: C_FEATURE:0c_static_assert
    Feature record: C_FEATURE:1c_variadic_macros


Detecting C [-std=c90] compiler features compiled with the following output:
Change Dir: /opt/dev/buildMingw64/CMakeFiles/CMakeTmp

Run Build Command:"/usr/bin/make" "cmTC_4a675/fast"
/usr/bin/make -f CMakeFiles/cmTC_4a675.dir/build.make CMakeFiles/cmTC_4a675.dir/build
make[1]: Entering directory '/opt/dev/buildMingw64/CMakeFiles/CMakeTmp'
Building C object CMakeFiles/cmTC_4a675.dir/feature_tests.c.obj
/usr/bin/x86_64-w64-mingw32-gcc-posix   -std=c90 -o CMakeFiles/cmTC_4a675.dir/feature_tests.c.obj   -c /opt/dev/buildMingw64/CMakeFiles/feature_tests.c
Linking C executable cmTC_4a675.exe
/usr/bin/cmake -E cmake_link_script CMakeFiles/cmTC_4a675.dir/link.txt --verbose=1
/usr/bin/cmake -E remove -f CMakeFiles/cmTC_4a675.dir/objects.a
/usr/bin/ar cr CMakeFiles/cmTC_4a675.dir/objects.a @CMakeFiles/cmTC_4a675.dir/objects1.rsp
/usr/bin/x86_64-w64-mingw32-gcc-posix      -Wl,--whole-archive CMakeFiles/cmTC_4a675.dir/objects.a -Wl,--no-whole-archive  -o cmTC_4a675.exe -Wl,--out-implib,libcmTC_4a675.dll.a -Wl,--major-image-version,0,--minor-image-version,0 @CMakeFiles/cmTC_4a675.dir/linklibs.rsp
make[1]: Leaving directory '/opt/dev/buildMingw64/CMakeFiles/CMakeTmp'


    Feature record: C_FEATURE:1c_function_prototypes
    Feature record: C_FEATURE:0c_restrict
    Feature record: C_FEATURE:0c_static_assert
    Feature record: C_FEATURE:0c_variadic_macros
Determining if the CXX compiler works passed with the following output:
Change Dir: /opt/dev/buildMingw64/CMakeFiles/CMakeTmp

Run Build Command:"/usr/bin/make" "cmTC_14e63/fast"
/usr/bin/make -f CMakeFiles/cmTC_14e63.dir/build.make CMakeFiles/cmTC_14e63.dir/build
make[1]: Entering directory '/opt/dev/buildMingw64/CMakeFiles/CMakeTmp'
Building CXX object CMakeFiles/cmTC_14e63.dir/testCXXCompiler.cxx.obj
/usr/bin/x86_64-w64-mingw32-g++-posix     -o CMakeFiles/cmTC_14e63.dir/testCXXCompiler.cxx.obj -c /opt/dev/buildMingw64/CMakeFiles/CMakeTmp/testCXXCompiler.cxx
Linking CXX executable cmTC_14e63.exe
/usr/bin/cmake -E cmake_link_script CMakeFiles/cmTC_14e63.dir/link.txt --verbose=1
/usr/bin/cmake -E remove -f CMakeFiles/cmTC_14e63.dir/objects.a
/usr/bin/ar cr CMakeFiles/cmTC_14e63.dir/objects.a @CMakeFiles/cmTC_14e63.dir/objects1.rsp
/usr/bin/x86_64-w64-mingw32-g++-posix      -Wl,--whole-archive CMakeFiles/cmTC_14e63.dir/objects.a -Wl,--no-whole-archive  -o cmTC_14e63.exe -Wl,--out-implib,libcmTC_14e63.dll.a -Wl,--major-image-version,0,--minor-image-version,0 @CMakeFiles/cmTC_14e63.dir/linklibs.rsp
make[1]: Leaving directory '/opt/dev/buildMingw64/CMakeFiles/CMakeTmp'


Detecting CXX compiler ABI info compiled with the following output:
Change Dir: /opt/dev/buildMingw64/CMakeFiles/CMakeTmp

Run Build Command:"/usr/bin/make" "cmTC_2547e/fast"
/usr/bin/make -f CMakeFiles/cmTC_2547e.dir/build.make CMakeFiles/cmTC_2547e.dir/build
make[1]: Entering directory '/opt/dev/buildMingw64/CMakeFiles/CMakeTmp'
Building CXX object CMakeFiles/cmTC_2547e.dir/CMakeCXXCompilerABI.cpp.obj
/usr/bin/x86_64-w64-mingw32-g++-posix     -o CMakeFiles/cmTC_2547e.dir/CMakeCXXCompilerABI.cpp.obj -c /usr/share/cmake-3.10/Modules/CMakeCXXCompilerABI.cpp
Linking CXX executable cmTC_2547e.exe
/usr/bin/cmake -E cmake_link_script CMakeFiles/cmTC_2547e.dir/link.txt --verbose=1
/usr/bin/cmake -E remove -f CMakeFiles/cmTC_2547e.dir/objects.a
/usr/bin/ar cr CMakeFiles/cmTC_2547e.dir/objects.a @CMakeFiles/cmTC_2547e.dir/objects1.rsp
/usr/bin/x86_64-w64-mingw32-g++-posix     -v -Wl,--whole-archive CMakeFiles/cmTC_2547e.dir/objects.a -Wl,--no-whole-archive  -o cmTC_2547e.exe -Wl,--out-implib,libcmTC_2547e.dll.a -Wl,--major-image-version,0,--minor-image-version,0 
Using built-in specs.
COLLECT_GCC=/usr/bin/x86_64-w64-mingw32-g++-posix
COLLECT_LTO_WRAPPER=/usr/lib/gcc/x86_64-w64-mingw32/7.3-posix/lto-wrapper
Target: x86_64-w64-mingw32
Configured with: ../../src/configure --build=aarch64-linux-gnu --prefix=/usr --includedir='/usr/include' --mandir='/usr/share/man' --infodir='/usr/share/info' --sysconfdir=/etc --localstatedir=/var --disable-silent-rules --libdir='/usr/lib/aarch64-linux-gnu' --libexecdir='/usr/lib/aarch64-linux-gnu' --disable-maintainer-mode --disable-dependency-tracking --prefix=/usr --enable-shared --enable-static --disable-multilib --with-system-zlib --libexecdir=/usr/lib --without-included-gettext --libdir=/usr/lib --enable-libstdcxx-time=yes --with-tune=generic --with-headers=/usr/x86_64-w64-mingw32/include --enable-version-specific-runtime-libs --enable-fully-dynamic-string --enable-libgomp --enable-languages=c,c++,fortran,objc,obj-c++,ada --enable-lto --with-plugin-ld --enable-threads=posix --program-suffix=-posix --program-prefix=x86_64-w64-mingw32- --target=x86_64-w64-mingw32 --with-as=/usr/bin/x86_64-w64-mingw32-as --with-ld=/usr/bin/x86_64-w64-mingw32-ld --enable-libatomic --enable-libstdcxx-filesystem-ts=yes
Thread model: posix
gcc version 7.3-posix 20180312 (GCC) 
COMPILER_PATH=/usr/lib/gcc/x86_64-w64-mingw32/7.3-posix/:/usr/lib/gcc/x86_64-w64-mingw32/7.3-posix/:/usr/lib/gcc/x86_64-w64-mingw32/:/usr/lib/gcc/x86_64-w64-mingw32/7.3-posix/:/usr/lib/gcc/x86_64-w64-mingw32/:/usr/lib/gcc/x86_64-w64-mingw32/7.3-posix/../../../../x86_64-w64-mingw32/bin/
LIBRARY_PATH=/usr/lib/gcc/x86_64-w64-mingw32/7.3-posix/:/usr/lib/gcc/x86_64-w64-mingw32/7.3-posix/../../../../x86_64-w64-mingw32/lib/
COLLECT_GCC_OPTIONS='-v' '-o' 'cmTC_2547e.exe' '-shared-libgcc' '-mtune=generic' '-march=x86-64'
 /usr/lib/gcc/x86_64-w64-mingw32/7.3-posix/collect2 -m i386pep -Bdynamic -o cmTC_2547e.exe /usr/lib/gcc/x86_64-w64-mingw32/7.3-posix/../../../../x86_64-w64-mingw32/lib/crt2.o /usr/lib/gcc/x86_64-w64-mingw32/7.3-posix/crtbegin.o -L/usr/lib/gcc/x86_64-w64-mingw32/7.3-posix -L/usr/lib/gcc/x86_64-w64-mingw32/7.3-posix/../../../../x86_64-w64-mingw32/lib --whole-archive CMakeFiles/cmTC_2547e.dir/objects.a --no-whole-archive --out-implib libcmTC_2547e.dll.a --major-image-version 0 --minor-image-version 0 -lstdc++ -lmingw32 -lgcc_s -lgcc -lmoldname -lmingwex -lmsvcrt -lpthread -ladvapi32 -lshell32 -luser32 -lkernel32 -lmingw32 -lgcc_s -lgcc -lmoldname -lmingwex -lmsvcrt /usr/lib/gcc/x86_64-w64-mingw32/7.3-posix/crtend.o
COLLECT_GCC_OPTIONS='-v' '-o' 'cmTC_2547e.exe' '-shared-libgcc' '-mtune=generic' '-march=x86-64'
make[1]: Leaving directory '/opt/dev/buildMingw64/CMakeFiles/CMakeTmp'


Parsed CXX implicit link information from above output:
  link line regex: [^( *|.*[/\])(ld|CMAKE_LINK_STARTFILE-NOTFOUND|([^/\]+-)?ld|collect2)[^/\]*( |$)]
  ignore line: [Change Dir: /opt/dev/buildMingw64/CMakeFiles/CMakeTmp]
  ignore line: []
  ignore line: [Run Build Command:"/usr/bin/make" "cmTC_2547e/fast"]
  ignore line: [/usr/bin/make -f CMakeFiles/cmTC_2547e.dir/build.make CMakeFiles/cmTC_2547e.dir/build]
  ignore line: [make[1]: Entering directory '/opt/dev/buildMingw64/CMakeFiles/CMakeTmp']
  ignore line: [Building CXX object CMakeFiles/cmTC_2547e.dir/CMakeCXXCompilerABI.cpp.obj]
  ignore line: [/usr/bin/x86_64-w64-mingw32-g++-posix     -o CMakeFiles/cmTC_2547e.dir/CMakeCXXCompilerABI.cpp.obj -c /usr/share/cmake-3.10/Modules/CMakeCXXCompilerABI.cpp]
  ignore line: [Linking CXX executable cmTC_2547e.exe]
  ignore line: [/usr/bin/cmake -E cmake_link_script CMakeFiles/cmTC_2547e.dir/link.txt --verbose=1]
  ignore line: [/usr/bin/cmake -E remove -f CMakeFiles/cmTC_2547e.dir/objects.a]
  ignore line: [/usr/bin/ar cr CMakeFiles/cmTC_2547e.dir/objects.a @CMakeFiles/cmTC_2547e.dir/objects1.rsp]
  ignore line: [/usr/bin/x86_64-w64-mingw32-g++-posix     -v -Wl,--whole-archive CMakeFiles/cmTC_2547e.dir/objects.a -Wl,--no-whole-archive  -o cmTC_2547e.exe -Wl,--out-implib,libcmTC_2547e.dll.a -Wl,--major-image-version,0,--minor-image-version,0 ]
  ignore line: [Using built-in specs.]
  ignore line: [COLLECT_GCC=/usr/bin/x86_64-w64-mingw32-g++-posix]
  ignore line: [COLLECT_LTO_WRAPPER=/usr/lib/gcc/x86_64-w64-mingw32/7.3-posix/lto-wrapper]
  ignore line: [Target: x86_64-w64-mingw32]
  ignore line: [Configured with: ../../src/configure --build=aarch64-linux-gnu --prefix=/usr --includedir='/usr/include' --mandir='/usr/share/man' --infodir='/usr/share/info' --sysconfdir=/etc --localstatedir=/var --disable-silent-rules --libdir='/usr/lib/aarch64-linux-gnu' --libexecdir='/usr/lib/aarch64-linux-gnu' --disable-maintainer-mode --disable-dependency-tracking --prefix=/usr --enable-shared --enable-static --disable-multilib --with-system-zlib --libexecdir=/usr/lib --without-included-gettext --libdir=/usr/lib --enable-libstdcxx-time=yes --with-tune=generic --with-headers=/usr/x86_64-w64-mingw32/include --enable-version-specific-runtime-libs --enable-fully-dynamic-string --enable-libgomp --enable-languages=c,c++,fortran,objc,obj-c++,ada --enable-lto --with-plugin-ld --enable-threads=posix --program-suffix=-posix --program-prefix=x86_64-w64-mingw32- --target=x86_64-w64-mingw32 --with-as=/usr/bin/x86_64-w64-mingw32-as --with-ld=/usr/bin/x86_64-w64-mingw32-ld --enable-libatomic --enable-libstdcxx-filesystem-ts=yes]
  ignore line: [Thread model: posix]
  ignore line: [gcc version 7.3-posix 20180312 (GCC) ]
  ignore line: [COMPILER_PATH=/usr/lib/gcc/x86_64-w64-mingw32/7.3-posix/:/usr/lib/gcc/x86_64-w64-mingw32/7.3-posix/:/usr/lib/gcc/x86_64-w64-mingw32/:/usr/lib/gcc/x86_64-w64-mingw32/7.3-posix/:/usr/lib/gcc/x86_64-w64-mingw32/:/usr/lib/gcc/x86_64-w64-mingw32/7.3-posix/../../../../x86_64-w64-mingw32/bin/]
  ignore line: [LIBRARY_PATH=/usr/lib/gcc/x86_64-w64-mingw32/7.3-posix/:/usr/lib/gcc/x86_64-w64-mingw32/7.3-posix/../../../../x86_64-w64-mingw32/lib/]
  ignore line: [COLLECT_GCC_OPTIONS='-v' '-o' 'cmTC_2547e.exe' '-shared-libgcc' '-mtune=generic' '-march=x86-64']
  link line: [ /usr/lib/gcc/x86_64-w64-mingw32/7.3-posix/collect2 -m i386pep -Bdynamic -o cmTC_2547e.exe /usr/lib/gcc/x86_64-w64-mingw32/7.3-posix/../../../../x86_64-w64-mingw32/lib/crt2.o /usr/lib/gcc/x86_64-w64-mingw32/7.3-posix/crtbegin.o -L/usr/lib/gcc/x86_64-w64-mingw32/7.3-posix -L/usr/lib/gcc/x86_64-w64-mingw32/7.3-posix/../../../../x86_64-w64-mingw32/lib --whole-archive CMakeFiles/cmTC_2547e.dir/objects.a --no-whole-archive --out-implib libcmTC_2547e.dll.a --major-image-version 0 --minor-image-version 0 -lstdc++ -lmingw32 -lgcc_s -lgcc -lmoldname -lmingwex -lmsvcrt -lpthread -ladvapi32 -lshell32 -luser32 -lkernel32 -lmingw32 -lgcc_s -lgcc -lmoldname -lmingwex -lmsvcrt /usr/lib/gcc/x86_64-w64-mingw32/7.3-posix/crtend.o]
    arg [/usr/lib/gcc/x86_64-w64-mingw32/7.3-posix/collect2] ==> ignore
    arg [-m] ==> ignore
    arg [i386pep] ==> ignore
    arg [-Bdynamic] ==> ignore
    arg [-o] ==> ignore
    arg [cmTC_2547e.exe] ==> ignore
    arg [/usr/lib/gcc/x86_64-w64-mingw32/7.3-posix/../../../../x86_64-w64-mingw32/lib/crt2.o] ==> ignore
    arg [/usr/lib/gcc/x86_64-w64-mingw32/7.3-posix/crtbegin.o] ==> ignore
    arg [-L/usr/lib/gcc/x86_64-w64-mingw32/7.3-posix] ==> dir [/usr/lib/gcc/x86_64-w64-mingw32/7.3-posix]
    arg [-L/usr/lib/gcc/x86_64-w64-mingw32/7.3-posix/../../../../x86_64-w64-mingw32/lib] ==> dir [/usr/lib/gcc/x86_64-w64-mingw32/7.3-posix/../../../../x86_64-w64-mingw32/lib]
    arg [--whole-archive] ==> ignore
    arg [CMakeFiles/cmTC_2547e.dir/objects.a] ==> ignore
    arg [--no-whole-archive] ==> ignore
    arg [--out-implib] ==> ignore
    arg [libcmTC_2547e.dll.a] ==> ignore
    arg [--major-image-version] ==> ignore
    arg [0] ==> ignore
    arg [--minor-image-version] ==> ignore
    arg [0] ==> ignore
    arg [-lstdc++] ==> lib [stdc++]
    arg [-lmingw32] ==> lib [mingw32]
    arg [-lgcc_s] ==> lib [gcc_s]
    arg [-lgcc] ==> lib [gcc]
    arg [-lmoldname] ==> lib [moldname]
    arg [-lmingwex] ==> lib [mingwex]
    arg [-lmsvcrt] ==> lib [msvcrt]
    arg [-lpthread] ==> lib [pthread]
    arg [-ladvapi32] ==> lib [advapi32]
    arg [-lshell32] ==> lib [shell32]
    arg [-luser32] ==> lib [user32]
    arg [-lkernel32] ==> lib [kernel32]
    arg [-lmingw32] ==> lib [mingw32]
    arg [-lgcc_s] ==> lib [gcc_s]
    arg [-lgcc] ==> lib [gcc]
    arg [-lmoldname] ==> lib [moldname]
    arg [-lmingwex] ==> lib [mingwex]
    arg [-lmsvcrt] ==> lib [msvcrt]
    arg [/usr/lib/gcc/x86_64-w64-mingw32/7.3-posix/crtend.o] ==> ignore
  remove lib [msvcrt]
  remove lib [msvcrt]
  collapse library dir [/usr/lib/gcc/x86_64-w64-mingw32/7.3-posix] ==> [/usr/lib/gcc/x86_64-w64-mingw32/7.3-posix]
  collapse library dir [/usr/lib/gcc/x86_64-w64-mingw32/7.3-posix/../../../../x86_64-w64-mingw32/lib] ==> [/usr/x86_64-w64-mingw32/lib]
  implicit libs: [stdc++;mingw32;gcc_s;gcc;moldname;mingwex;pthread;advapi32;shell32;user32;kernel32;mingw32;gcc_s;gcc;moldname;mingwex]
  implicit dirs: [/usr/lib/gcc/x86_64-w64-mingw32/7.3-posix;/usr/x86_64-w64-mingw32/lib]
  implicit fwks: []




Detecting CXX [-std=c++1z] compiler features compiled with the following output:
Change Dir: /opt/dev/buildMingw64/CMakeFiles/CMakeTmp

Run Build Command:"/usr/bin/make" "cmTC_21f3d/fast"
/usr/bin/make -f CMakeFiles/cmTC_21f3d.dir/build.make CMakeFiles/cmTC_21f3d.dir/build
make[1]: Entering directory '/opt/dev/buildMingw64/CMakeFiles/CMakeTmp'
Building CXX object CMakeFiles/cmTC_21f3d.dir/feature_tests.cxx.obj
/usr/bin/x86_64-w64-mingw32-g++-posix    -std=c++1z -o CMakeFiles/cmTC_21f3d.dir/feature_tests.cxx.obj -c /opt/dev/buildMingw64/CMakeFiles/feature_tests.cxx
Linking CXX executable cmTC_21f3d.exe
/usr/bin/cmake -E cmake_link_script CMakeFiles/cmTC_21f3d.dir/link.txt --verbose=1
/usr/bin/cmake -E remove -f CMakeFiles/cmTC_21f3d.dir/objects.a
/usr/bin/ar cr CMakeFiles/cmTC_21f3d.dir/objects.a @CMakeFiles/cmTC_21f3d.dir/objects1.rsp
/usr/bin/x86_64-w64-mingw32-g++-posix      -Wl,--whole-archive CMakeFiles/cmTC_21f3d.dir/objects.a -Wl,--no-whole-archive  -o cmTC_21f3d.exe -Wl,--out-implib,libcmTC_21f3d.dll.a -Wl,--major-image-version,0,--minor-image-version,0 @CMakeFiles/cmTC_21f3d.dir/linklibs.rsp
make[1]: Leaving directory '/opt/dev/buildMingw64/CMakeFiles/CMakeTmp'


    Feature record: CXX_FEATURE:1cxx_aggregate_default_initializers
    Feature record: CXX_FEATURE:1cxx_alias_templates
    Feature record: CXX_FEATURE:1cxx_alignas
    Feature record: CXX_FEATURE:1cxx_alignof
    Feature record: CXX_FEATURE:1cxx_attributes
    Feature record: CXX_FEATURE:1cxx_attribute_deprecated
    Feature record: CXX_FEATURE:1cxx_auto_type
    Feature record: CXX_FEATURE:1cxx_binary_literals
    Feature record: CXX_FEATURE:1cxx_constexpr
    Feature record: CXX_FEATURE:1cxx_contextual_conversions
    Feature record: CXX_FEATURE:1cxx_decltype
    Feature record: CXX_FEATURE:1cxx_decltype_auto
    Feature record: CXX_FEATURE:1cxx_decltype_incomplete_return_types
    Feature record: CXX_FEATURE:1cxx_default_function_template_args
    Feature record: CXX_FEATURE:1cxx_defaulted_functions
    Feature record: CXX_FEATURE:1cxx_defaulted_move_initializers
    Feature record: CXX_FEATURE:1cxx_delegating_constructors
    Feature record: CXX_FEATURE:1cxx_deleted_functions
    Feature record: CXX_FEATURE:1cxx_digit_separators
    Feature record: CXX_FEATURE:1cxx_enum_forward_declarations
    Feature record: CXX_FEATURE:1cxx_explicit_conversions
    Feature record: CXX_FEATURE:1cxx_extended_friend_declarations
    Feature record: CXX_FEATURE:1cxx_extern_templates
    Feature record: CXX_FEATURE:1cxx_final
    Feature record: CXX_FEATURE:1cxx_func_identifier
    Feature record: CXX_FEATURE:1cxx_generalized_initializers
    Feature record: CXX_FEATURE:1cxx_generic_lambdas
    Feature record: CXX_FEATURE:1cxx_inheriting_constructors
    Feature record: CXX_FEATURE:1cxx_inline_namespaces
    Feature record: CXX_FEATURE:1cxx_lambdas
    Feature record: CXX_FEATURE:1cxx_lambda_init_captures
    Feature record: CXX_FEATURE:1cxx_local_type_template_args
    Feature record: CXX_FEATURE:1cxx_long_long_type
    Feature record: CXX_FEATURE:1cxx_noexcept
    Feature record: CXX_FEATURE:1cxx_nonstatic_member_init
    Feature record: CXX_FEATURE:1cxx_nullptr
    Feature record: CXX_FEATURE:1cxx_override
    Feature record: CXX_FEATURE:1cxx_range_for
    Feature record: CXX_FEATURE:1cxx_raw_string_literals
    Feature record: CXX_FEATURE:1cxx_reference_qualified_functions
    Feature record: CXX_FEATURE:1cxx_relaxed_constexpr
    Feature record: CXX_FEATURE:1cxx_return_type_deduction
    Feature record: CXX_FEATURE:1cxx_right_angle_brackets
    Feature record: CXX_FEATURE:1cxx_rvalue_references
    Feature record: CXX_FEATURE:1cxx_sizeof_member
    Feature record: CXX_FEATURE:1cxx_static_assert
    Feature record: CXX_FEATURE:1cxx_strong_enums
    Feature record: CXX_FEATURE:1cxx_template_template_parameters
    Feature record: CXX_FEATURE:1cxx_thread_local
    Feature record: CXX_FEATURE:1cxx_trailing_return_types
    Feature record: CXX_FEATURE:1cxx_unicode_literals
    Feature record: CXX_FEATURE:1cxx_uniform_initialization
    Feature record: CXX_FEATURE:1cxx_unrestricted_unions
    Feature record: CXX_FEATURE:1cxx_user_literals
    Feature record: CXX_FEATURE:1cxx_variable_templates
    Feature record: CXX_FEATURE:1cxx_variadic_macros
    Feature record: CXX_FEATURE:1cxx_variadic_templates


Detecting CXX [-std=c++14] compiler features compiled with the following output:
Change Dir: /opt/dev/buildMingw64/CMakeFiles/CMakeTmp

Run Build Command:"/usr/bin/make" "cmTC_5f41c/fast"
/usr/bin/make -f CMakeFiles/cmTC_5f41c.dir/build.make CMakeFiles/cmTC_5f41c.dir/build
make[1]: Entering directory '/opt/dev/buildMingw64/CMakeFiles/CMakeTmp'
Building CXX object CMakeFiles/cmTC_5f41c.dir/feature_tests.cxx.obj
/usr/bin/x86_64-w64-mingw32-g++-posix    -std=c++14 -o CMakeFiles/cmTC_5f41c.dir/feature_tests.cxx.obj -c /opt/dev/buildMingw64/CMakeFiles/feature_tests.cxx
Linking CXX executable cmTC_5f41c.exe
/usr/bin/cmake -E cmake_link_script CMakeFiles/cmTC_5f41c.dir/link.txt --verbose=1
/usr/bin/cmake -E remove -f CMakeFiles/cmTC_5f41c.dir/objects.a
/usr/bin/ar cr CMakeFiles/cmTC_5f41c.dir/objects.a @CMakeFiles/cmTC_5f41c.dir/objects1.rsp
/usr/bin/x86_64-w64-mingw32-g++-posix      -Wl,--whole-archive CMakeFiles/cmTC_5f41c.dir/objects.a -Wl,--no-whole-archive  -o cmTC_5f41c.exe -Wl,--out-implib,libcmTC_5f41c.dll.a -Wl,--major-image-version,0,--minor-image-version,0 @CMakeFiles/cmTC_5f41c.dir/linklibs.rsp
make[1]: Leaving directory '/opt/dev/buildMingw64/CMakeFiles/CMakeTmp'


    Feature record: CXX_FEATURE:1cxx_aggregate_default_initializers
    Feature record: CXX_FEATURE:1cxx_alias_templates
    Feature record: CXX_FEATURE:1cxx_alignas
    Feature record: CXX_FEATURE:1cxx_alignof
    Feature record: CXX_FEATURE:1cxx_attributes
    Feature record: CXX_FEATURE:1cxx_attribute_deprecated
    Feature record: CXX_FEATURE:1cxx_auto_type
    Feature record: CXX_FEATURE:1cxx_binary_literals
    Feature record: CXX_FEATURE:1cxx_constexpr
    Feature record: CXX_FEATURE:1cxx_contextual_conversions
    Feature record: CXX_FEATURE:1cxx_decltype
    Feature record: CXX_FEATURE:1cxx_decltype_auto
    Feature record: CXX_FEATURE:1cxx_decltype_incomplete_return_types
    Feature record: CXX_FEATURE:1cxx_default_function_template_args
    Feature record: CXX_FEATURE:1cxx_defaulted_functions
    Feature record: CXX_FEATURE:1cxx_defaulted_move_initializers
    Feature record: CXX_FEATURE:1cxx_delegating_constructors
    Feature record: CXX_FEATURE:1cxx_deleted_functions
    Feature record: CXX_FEATURE:1cxx_digit_separators
    Feature record: CXX_FEATURE:1cxx_enum_forward_declarations
    Feature record: CXX_FEATURE:1cxx_explicit_conversions
    Feature record: CXX_FEATURE:1cxx_extended_friend_declarations
    Feature record: CXX_FEATURE:1cxx_extern_templates
    Feature record: CXX_FEATURE:1cxx_final
    Feature record: CXX_FEATURE:1cxx_func_identifier
    Feature record: CXX_FEATURE:1cxx_generalized_initializers
    Feature record: CXX_FEATURE:1cxx_generic_lambdas
    Feature record: CXX_FEATURE:1cxx_inheriting_constructors
    Feature record: CXX_FEATURE:1cxx_inline_namespaces
    Feature record: CXX_FEATURE:1cxx_lambdas
    Feature record: CXX_FEATURE:1cxx_lambda_init_captures
    Feature record: CXX_FEATURE:1cxx_local_type_template_args
    Feature record: CXX_FEATURE:1cxx_long_long_type
    Feature record: CXX_FEATURE:1cxx_noexcept
    Feature record: CXX_FEATURE:1cxx_nonstatic_member_init
    Feature record: CXX_FEATURE:1cxx_nullptr
    Feature record: CXX_FEATURE:1cxx_override
    Feature record: CXX_FEATURE:1cxx_range_for
    Feature record: CXX_FEATURE:1cxx_raw_string_literals
    Feature record: CXX_FEATURE:1cxx_reference_qualified_functions
    Feature record: CXX_FEATURE:1cxx_relaxed_constexpr
    Feature record: CXX_FEATURE:1cxx_return_type_deduction
    Feature record: CXX_FEATURE:1cxx_right_angle_brackets
    Feature record: CXX_FEATURE:1cxx_rvalue_references
    Feature record: CXX_FEATURE:1cxx_sizeof_member
    Feature record: CXX_FEATURE:1cxx_static_assert
    Feature record: CXX_FEATURE:1cxx_strong_enums
    Feature record: CXX_FEATURE:1cxx_template_template_parameters
    Feature record: CXX_FEATURE:1cxx_thread_local
    Feature record: CXX_FEATURE:1cxx_trailing_return_types
    Feature record: CXX_FEATURE:1cxx_unicode_literals
    Feature record: CXX_FEATURE:1cxx_uniform_initialization
    Feature record: CXX_FEATURE:1cxx_unrestricted_unions
    Feature record: CXX_FEATURE:1cxx_user_literals
    Feature record: CXX_FEATURE:1cxx_variable_templates
    Feature record: CXX_FEATURE:1cxx_variadic_macros
    Feature record: CXX_FEATURE:1cxx_variadic_templates


Detecting CXX [-std=c++11] compiler features compiled with the following output:
Change Dir: /opt/dev/buildMingw64/CMakeFiles/CMakeTmp

Run Build Command:"/usr/bin/make" "cmTC_911ee/fast"
/usr/bin/make -f CMakeFiles/cmTC_911ee.dir/build.make CMakeFiles/cmTC_911ee.dir/build
make[1]: Entering directory '/opt/dev/buildMingw64/CMakeFiles/CMakeTmp'
Building CXX object CMakeFiles/cmTC_911ee.dir/feature_tests.cxx.obj
/usr/bin/x86_64-w64-mingw32-g++-posix    -std=c++11 -o CMakeFiles/cmTC_911ee.dir/feature_tests.cxx.obj -c /opt/dev/buildMingw64/CMakeFiles/feature_tests.cxx
Linking CXX executable cmTC_911ee.exe
/usr/bin/cmake -E cmake_link_script CMakeFiles/cmTC_911ee.dir/link.txt --verbose=1
/usr/bin/cmake -E remove -f CMakeFiles/cmTC_911ee.dir/objects.a
/usr/bin/ar cr CMakeFiles/cmTC_911ee.dir/objects.a @CMakeFiles/cmTC_911ee.dir/objects1.rsp
/usr/bin/x86_64-w64-mingw32-g++-posix      -Wl,--whole-archive CMakeFiles/cmTC_911ee.dir/objects.a -Wl,--no-whole-archive  -o cmTC_911ee.exe -Wl,--out-implib,libcmTC_911ee.dll.a -Wl,--major-image-version,0,--minor-image-version,0 @CMakeFiles/cmTC_911ee.dir/linklibs.rsp
make[1]: Leaving directory '/opt/dev/buildMingw64/CMakeFiles/CMakeTmp'


    Feature record: CXX_FEATURE:0cxx_aggregate_default_initializers
    Feature record: CXX_FEATURE:1cxx_alias_templates
    Feature record: CXX_FEATURE:1cxx_alignas
    Feature record: CXX_FEATURE:1cxx_alignof
    Feature record: CXX_FEATURE:1cxx_attributes
    Feature record: CXX_FEATURE:0cxx_attribute_deprecated
    Feature record: CXX_FEATURE:1cxx_auto_type
    Feature record: CXX_FEATURE:0cxx_binary_literals
    Feature record: CXX_FEATURE:1cxx_constexpr
    Feature record: CXX_FEATURE:0cxx_contextual_conversions
    Feature record: CXX_FEATURE:1cxx_decltype
    Feature record: CXX_FEATURE:0cxx_decltype_auto
    Feature record: CXX_FEATURE:1cxx_decltype_incomplete_return_types
    Feature record: CXX_FEATURE:1cxx_default_function_template_args
    Feature record: CXX_FEATURE:1cxx_defaulted_functions
    Feature record: CXX_FEATURE:1cxx_defaulted_move_initializers
    Feature record: CXX_FEATURE:1cxx_delegating_constructors
    Feature record: CXX_FEATURE:1cxx_deleted_functions
    Feature record: CXX_FEATURE:0cxx_digit_separators
    Feature record: CXX_FEATURE:1cxx_enum_forward_declarations
    Feature record: CXX_FEATURE:1cxx_explicit_conversions
    Feature record: CXX_FEATURE:1cxx_extended_friend_declarations
    Feature record: CXX_FEATURE:1cxx_extern_templates
    Feature record: CXX_FEATURE:1cxx_final
    Feature record: CXX_FEATURE:1cxx_func_identifier
    Feature record: CXX_FEATURE:1cxx_generalized_initializers
    Feature record: CXX_FEATURE:0cxx_generic_lambdas
    Feature record: CXX_FEATURE:1cxx_inheriting_constructors
    Feature record: CXX_FEATURE:1cxx_inline_namespaces
    Feature record: CXX_FEATURE:1cxx_lambdas
    Feature record: CXX_FEATURE:0cxx_lambda_init_captures
    Feature record: CXX_FEATURE:1cxx_local_type_template_args
    Feature record: CXX_FEATURE:1cxx_long_long_type
    Feature record: CXX_FEATURE:1cxx_noexcept
    Feature record: CXX_FEATURE:1cxx_nonstatic_member_init
    Feature record: CXX_FEATURE:1cxx_nullptr
    Feature record: CXX_FEATURE:1cxx_override
    Feature record: CXX_FEATURE:1cxx_range_for
    Feature record: CXX_FEATURE:1cxx_raw_string_literals
    Feature record: CXX_FEATURE:1cxx_reference_qualified_functions
    Feature record: CXX_FEATURE:0cxx_relaxed_constexpr
    Feature record: CXX_FEATURE:0cxx_return_type_deduction
    Feature record: CXX_FEATURE:1cxx_right_angle_brackets
    Feature record: CXX_FEATURE:1cxx_rvalue_references
    Feature record: CXX_FEATURE:1cxx_sizeof_member
    Feature record: CXX_FEATURE:1cxx_static_assert
    Feature record: CXX_FEATURE:1cxx_strong_enums
    Feature record: CXX_FEATURE:1cxx_template_template_parameters
    Feature record: CXX_FEATURE:1cxx_thread_local
    Feature record: CXX_FEATURE:1cxx_trailing_return_types
    Feature record: CXX_FEATURE:1cxx_unicode_literals
    Feature record: CXX_FEATURE:1cxx_uniform_initialization
    Feature record: CXX_FEATURE:1cxx_unrestricted_unions
    Feature record: CXX_FEATURE:1cxx_user_literals
    Feature record: CXX_FEATURE:0cxx_variable_templates
    Feature record: CXX_FEATURE:1cxx_variadic_macros
    Feature record: CXX_FEATURE:1cxx_variadic_templates


Detecting CXX [-std=c++98] compiler features compiled with the following output:
Change Dir: /opt/dev/buildMingw64/CMakeFiles/CMakeTmp

Run Build Command:"/usr/bin/make" "cmTC_cd5af/fast"
/usr/bin/make -f CMakeFiles/cmTC_cd5af.dir/build.make CMakeFiles/cmTC_cd5af.dir/build
make[1]: Entering directory '/opt/dev/buildMingw64/CMakeFiles/CMakeTmp'
Building CXX object CMakeFiles/cmTC_cd5af.dir/feature_tests.cxx.obj
/usr/bin/x86_64-w64-mingw32-g++-posix    -std=c++98 -o CMakeFiles/cmTC_cd5af.dir/feature_tests.cxx.obj -c /opt/dev/buildMingw64/CMakeFiles/feature_tests.cxx
Linking CXX executable cmTC_cd5af.exe
/usr/bin/cmake -E cmake_link_script CMakeFiles/cmTC_cd5af.dir/link.txt --verbose=1
/usr/bin/cmake -E remove -f CMakeFiles/cmTC_cd5af.dir/objects.a
/usr/bin/ar cr CMakeFiles/cmTC_cd5af.dir/objects.a @CMakeFiles/cmTC_cd5af.dir/objects1.rsp
/usr/bin/x86_64-w64-mingw32-g++-posix      -Wl,--whole-archive CMakeFiles/cmTC_cd5af.dir/objects.a -Wl,--no-whole-archive  -o cmTC_cd5af.exe -Wl,--out-implib,libcmTC_cd5af.dll.a -Wl,--major-image-version,0,--minor-image-version,0 @CMakeFiles/cmTC_cd5af.dir/linklibs.rsp
make[1]: Leaving directory '/opt/dev/buildMingw64/CMakeFiles/CMakeTmp'


    Feature record: CXX_FEATURE:0cxx_aggregate_default_initializers
    Feature record: CXX_FEATURE:0cxx_alias_templates
    Feature record: CXX_FEATURE:0cxx_alignas
    Feature record: CXX_FEATURE:0cxx_alignof
    Feature record: CXX_FEATURE:0cxx_attributes
    Feature record: CXX_FEATURE:0cxx_attribute_deprecated
    Feature record: CXX_FEATURE:0cxx_auto_type
    Feature record: CXX_FEATURE:0cxx_binary_literals
    Feature record: CXX_FEATURE:0cxx_constexpr
    Feature record: CXX_FEATURE:0cxx_contextual_conversions
    Feature record: CXX_FEATURE:0cxx_decltype
    Feature record: CXX_FEATURE:0cxx_decltype_auto
    Feature record: CXX_FEATURE:0cxx_decltype_incomplete_return_types
    Feature record: CXX_FEATURE:0cxx_default_function_template_args
    Feature record: CXX_FEATURE:0cxx_defaulted_functions
    Feature record: CXX_FEATURE:0cxx_defaulted_move_initializers
    Feature record: CXX_FEATURE:0cxx_delegating_constructors
    Feature record: CXX_FEATURE:0cxx_deleted_functions
    Feature record: CXX_FEATURE:0cxx_digit_separators
    Feature record: CXX_FEATURE:0cxx_enum_forward_declarations
    Feature record: CXX_FEATURE:0cxx_explicit_conversions
    Feature record: CXX_FEATURE:0cxx_extended_friend_declarations
    Feature record: CXX_FEATURE:0cxx_extern_templates
    Feature record: CXX_FEATURE:0cxx_final
    Feature record: CXX_FEATURE:0cxx_func_identifier
    Feature record: CXX_FEATURE:0cxx_generalized_initializers
    Feature record: CXX_FEATURE:0cxx_generic_lambdas
    Feature record: CXX_FEATURE:0cxx_inheriting_constructors
    Feature record: CXX_FEATURE:0cxx_inline_namespaces
    Feature record: CXX_FEATURE:0cxx_lambdas
    Feature record: CXX_FEATURE:0cxx_lambda_init_captures
    Feature record: CXX_FEATURE:0cxx_local_type_template_args
    Feature record: CXX_FEATURE:0cxx_long_long_type
    Feature record: CXX_FEATURE:0cxx_noexcept
    Feature record: CXX_FEATURE:0cxx_nonstatic_member_init
    Feature record: CXX_FEATURE:0cxx_nullptr
    Feature record: CXX_FEATURE:0cxx_override
    Feature record: CXX_FEATURE:0cxx_range_for
    Feature record: CXX_FEATURE:0cxx_raw_string_literals
    Feature record: CXX_FEATURE:0cxx_reference_qualified_functions
    Feature record: CXX_FEATURE:0cxx_relaxed_constexpr
    Feature record: CXX_FEATURE:0cxx_return_type_deduction
    Feature record: CXX_FEATURE:0cxx_right_angle_brackets
    Feature record: CXX_FEATURE:0cxx_rvalue_references
    Feature record: CXX_FEATURE:0cxx_sizeof_member
    Feature record: CXX_FEATURE:0cxx_static_assert
    Feature record: CXX_FEATURE:0cxx_strong_enums
    Feature record: CXX_FEATURE:1cxx_template_template_parameters
    Feature record: CXX_FEATURE:0cxx_thread_local
    Feature record: CXX_FEATURE:0cxx_trailing_return_types
    Feature record: CXX_FEATURE:0cxx_unicode_literals
    Feature record: CXX_FEATURE:0cxx_uniform_initialization
    Feature record: CXX_FEATURE:0cxx_unrestricted_unions
    Feature record: CXX_FEATURE:0cxx_user_literals
    Feature record: CXX_FEATURE:0cxx_variable_templates
    Feature record: CXX_FEATURE:0cxx_variadic_macros
    Feature record: CXX_FEATURE:0cxx_variadic_templates
Performing C++ SOURCE FILE Test CXX_COMPILER_SUPPORTS_BIT_MODE succeeded with the following output:
Change Dir: /opt/dev/buildMingw64/CMakeFiles/CMakeTmp

Run Build Command:"/usr/bin/make" "cmTC_978af/fast"
/usr/bin/make -f CMakeFiles/cmTC_978af.dir/build.make CMakeFiles/cmTC_978af.dir/build
make[1]: Entering directory '/opt/dev/buildMingw64/CMakeFiles/CMakeTmp'
Building CXX object CMakeFiles/cmTC_978af.dir/src.cxx.obj
/usr/bin/x86_64-w64-mingw32-g++-posix    -DCXX_COMPILER_SUPPORTS_BIT_MODE   -m64 -o CMakeFiles/cmTC_978af.dir/src.cxx.obj -c /opt/dev/buildMingw64/CMakeFiles/CMakeTmp/src.cxx
Linking CXX executable cmTC_978af.exe
/usr/bin/cmake -E cmake_link_script CMakeFiles/cmTC_978af.dir/link.txt --verbose=1
/usr/bin/cmake -E remove -f CMakeFiles/cmTC_978af.dir/objects.a
/usr/bin/ar cr CMakeFiles/cmTC_978af.dir/objects.a @CMakeFiles/cmTC_978af.dir/objects1.rsp
/usr/bin/x86_64-w64-mingw32-g++-posix  -DCXX_COMPILER_SUPPORTS_BIT_MODE    -Wl,--whole-archive CMakeFiles/cmTC_978af.dir/objects.a -Wl,--no-whole-archive  -o cmTC_978af.exe -Wl,--out-implib,libcmTC_978af.dll.a -Wl,--major-image-version,0,--minor-image-version,0 @CMakeFiles/cmTC_978af.dir/linklibs.rsp
make[1]: Leaving directory '/opt/dev/buildMingw64/CMakeFiles/CMakeTmp'

Source file was:
int main() { return 0; }
Performing C SOURCE FILE Test C_COMPILER_SUPPORTS_BIT_MODE succeeded with the following output:
Change Dir: /opt/dev/buildMingw64/CMakeFiles/CMakeTmp

Run Build Command:"/usr/bin/make" "cmTC_ab7f5/fast"
/usr/bin/make -f CMakeFiles/cmTC_ab7f5.dir/build.make CMakeFiles/cmTC_ab7f5.dir/build
make[1]: Entering directory '/opt/dev/buildMingw64/CMakeFiles/CMakeTmp'
Building C object CMakeFiles/cmTC_ab7f5.dir/src.c.obj
/usr/bin/x86_64-w64-mingw32-gcc-posix   -DC_COMPILER_SUPPORTS_BIT_MODE   -m64 -o CMakeFiles/cmTC_ab7f5.dir/src.c.obj   -c /opt/dev/buildMingw64/CMakeFiles/CMakeTmp/src.c
Linking C executable cmTC_ab7f5.exe
/usr/bin/cmake -E cmake_link_script CMakeFiles/cmTC_ab7f5.dir/link.txt --verbose=1
/usr/bin/cmake -E remove -f CMakeFiles/cmTC_ab7f5.dir/objects.a
/usr/bin/ar cr CMakeFiles/cmTC_ab7f5.dir/objects.a @CMakeFiles/cmTC_ab7f5.dir/objects1.rsp
/usr/bin/x86_64-w64-mingw32-gcc-posix  -DC_COMPILER_SUPPORTS_BIT_MODE    -Wl,--whole-archive CMakeFiles/cmTC_ab7f5.dir/objects.a -Wl,--no-whole-archive  -o cmTC_ab7f5.exe -Wl,--out-implib,libcmTC_ab7f5.dll.a -Wl,--major-image-version,0,--minor-image-version,0 @CMakeFiles/cmTC_ab7f5.dir/linklibs.rsp
make[1]: Leaving directory '/opt/dev/buildMingw64/CMakeFiles/CMakeTmp'

Source file was:
int main(void) { return 0; }
Determining if the include file pthread.h exists passed with the following output:
Change Dir: /opt/dev/buildMingw64/CMakeFiles/CMakeTmp

Run Build Command:"/usr/bin/make" "cmTC_bf9e3/fast"
/usr/bin/make -f CMakeFiles/cmTC_bf9e3.dir/build.make CMakeFiles/cmTC_bf9e3.dir/build
make[1]: Entering directory '/opt/dev/buildMingw64/CMakeFiles/CMakeTmp'
Building C object CMakeFiles/cmTC_bf9e3.dir/CheckIncludeFile.c.obj
/usr/bin/x86_64-w64-mingw32-gcc-posix    -o CMakeFiles/cmTC_bf9e3.dir/CheckIncludeFile.c.obj   -c /opt/dev/buildMingw64/CMakeFiles/CMakeTmp/CheckIncludeFile.c
Linking C executable cmTC_bf9e3.exe
/usr/bin/cmake -E cmake_link_script CMakeFiles/cmTC_bf9e3.dir/link.txt --verbose=1
/usr/bin/cmake -E remove -f CMakeFiles/cmTC_bf9e3.dir/objects.a
/usr/bin/ar cr CMakeFiles/cmTC_bf9e3.dir/objects.a @CMakeFiles/cmTC_bf9e3.dir/objects1.rsp
/usr/bin/x86_64-w64-mingw32-gcc-posix      -Wl,--whole-archive CMakeFiles/cmTC_bf9e3.dir/objects.a -Wl,--no-whole-archive  -o cmTC_bf9e3.exe -Wl,--out-implib,libcmTC_bf9e3.dll.a -Wl,--major-image-version,0,--minor-image-version,0 @CMakeFiles/cmTC_bf9e3.dir/linklibs.rsp
make[1]: Leaving directory '/opt/dev/buildMingw64/CMakeFiles/CMakeTmp'


Determining if the pthread_create exist passed with the following output:
Change Dir: /opt/dev/buildMingw64/CMakeFiles/CMakeTmp

Run Build Command:"/usr/bin/make" "cmTC_a300e/fast"
/usr/bin/make -f CMakeFiles/cmTC_a300e.dir/build.make CMakeFiles/cmTC_a300e.dir/build
make[1]: Entering directory '/opt/dev/buildMingw64/CMakeFiles/CMakeTmp'
Building C object CMakeFiles/cmTC_a300e.dir/CheckSymbolExists.c.obj
/usr/bin/x86_64-w64-mingw32-gcc-posix    -o CMakeFiles/cmTC_a300e.dir/CheckSymbolExists.c.obj   -c /opt/dev/buildMingw64/CMakeFiles/CMakeTmp/CheckSymbolExists.c
Linking C executable cmTC_a300e.exe
/usr/bin/cmake -E cmake_link_script CMakeFiles/cmTC_a300e.dir/link.txt --verbose=1
/usr/bin/cmake -E remove -f CMakeFiles/cmTC_a300e.dir/objects.a
/usr/bin/ar cr CMakeFiles/cmTC_a300e.dir/objects.a @CMakeFiles/cmTC_a300e.dir/objects1.rsp
/usr/bin/x86_64-w64-mingw32-gcc-posix      -Wl,--whole-archive CMakeFiles/cmTC_a300e.dir/objects.a -Wl,--no-whole-archive  -o cmTC_a300e.exe -Wl,--out-implib,libcmTC_a300e.dll.a -Wl,--major-image-version,0,--minor-image-version,0 @CMakeFiles/cmTC_a300e.dir/linklibs.rsp
make[1]: Leaving directory '/opt/dev/buildMingw64/CMakeFiles/CMakeTmp'

File /opt/dev/buildMingw64/CMakeFiles/CMakeTmp/CheckSymbolExists.c:
/* */
#include <pthread.h>

int main(int argc, char** argv)
{
  (void)argv;
#ifndef pthread_create
  return ((int*)(&pthread_create))[argc];
#else
  (void)argc;
  return 0;
#endif
}

