/usr/bin/cmake -H/opt/dev -B/opt/dev/buildMingw64 --check-build-system CMakeFiles/Makefile.cmake 0
make -f CMakeFiles/Makefile2 machlog
make[1]: Entering directory '/opt/dev/buildMingw64'
/usr/bin/cmake -H/opt/dev -B/opt/dev/buildMingw64 --check-build-system CMakeFiles/Makefile.cmake 0
/usr/bin/cmake -E cmake_progress_start /opt/dev/buildMingw64/CMakeFiles 23
make -f CMakeFiles/Makefile2 src/CMakeFiles/machlog.dir/all
make[2]: Entering directory '/opt/dev/buildMingw64'
make -f src/CMakeFiles/machlog.dir/build.make src/CMakeFiles/machlog.dir/depend
make[3]: Entering directory '/opt/dev/buildMingw64'
cd /opt/dev/buildMingw64 && /usr/bin/cmake -E cmake_depends "Unix Makefiles" /opt/dev /opt/dev/src /opt/dev/buildMingw64 /opt/dev/buildMingw64/src /opt/dev/buildMingw64/src/CMakeFiles/machlog.dir/DependInfo.cmake --color=
make[3]: Leaving directory '/opt/dev/buildMingw64'
make -f src/CMakeFiles/machlog.dir/build.make src/CMakeFiles/machlog.dir/build
make[3]: Entering directory '/opt/dev/buildMingw64'
[  0%] Building CXX object src/CMakeFiles/machlog.dir/libdev/machlog/attack.cpp.obj
cd /opt/dev/buildMingw64/src && /usr/bin/x86_64-w64-mingw32-g++-posix  -DHAVE_DEMANGLE -DNDEBUG -DNOEXCEPT=noexcept -DPRODUCTION @CMakeFiles/machlog.dir/includes_CXX.rsp -std=gnu++11 -m64 -Wall -Wold-style-cast -Wmissing-declarations -Wno-error=deprecated-declarations -Wsuggest-override  -O2   -o CMakeFiles/machlog.dir/libdev/machlog/attack.cpp.obj -c /opt/dev/src/libdev/machlog/attack.cpp
src/CMakeFiles/machlog.dir/build.make:716: recipe for target 'src/CMakeFiles/machlog.dir/libdev/machlog/attack.cpp.obj' failed
make[3]: Leaving directory '/opt/dev/buildMingw64'
CMakeFiles/Makefile2:263: recipe for target 'src/CMakeFiles/machlog.dir/all' failed
make[2]: Leaving directory '/opt/dev/buildMingw64'
CMakeFiles/Makefile2:275: recipe for target 'src/CMakeFiles/machlog.dir/rule' failed
make[1]: Leaving directory '/opt/dev/buildMingw64'
Makefile:147: recipe for target 'machlog' failed
